CS251: . kahlonr Sun Mar 18 19:50:00 EDT 2018  Total:  70 of 70
CS251: . kahlonr Sun Mar 18 21:14:57 EDT 2018  Total:  70 of 70
CS251: . kahlonr Mon Mar 19 18:39:50 EDT 2018  Total:  70 of 70
CS251: . kahlonr Mon Mar 19 18:42:37 EDT 2018  Total:  70 of 70
CS251: . kahlonr Mon Mar 19 21:42:41 EDT 2018  Total:  70 of 70
CS251: . kahlonr Mon Mar 19 22:43:51 EDT 2018  Total:  70 of 70
CS251: . kahlonr Mon Mar 19 22:46:53 EDT 2018  Total:  12 of 30
CS251: . kahlonr Mon Mar 26 22:49:01 EDT 2018  Total:  12 of 30
CS251: . kahlonr Mon Mar 26 22:56:12 EDT 2018  Total:  70 of 70
CS251: . kahlonr Mon Mar 26 23:11:10 EDT 2018  Total:  70 of 70
CS251: . kahlonr Mon Mar 26 23:13:59 EDT 2018  Total:  30 of 30
CS251: . kahlonr Mon Mar 26 23:32:16 EDT 2018  Total:  35 of 70
CS251: . kahlonr Mon Mar 26 23:32:36 EDT 2018  Total:  35 of 70
CS251: . kahlonr Mon Mar 26 23:35:11 EDT 2018  Total:  35 of 70
CS251: . kahlonr Mon Mar 26 23:36:22 EDT 2018  Total:  70 of 70
CS251: . kahlonr Mon Mar 26 23:41:44 EDT 2018  Total:  100 of 100
CS251: . kahlonr Mon Mar 26 23:51:41 EDT 2018  Total:  100 of 100
